210.240.39.201 - - [17/May/2013:06:36:40 +0000] "GET /feed HTTP/1.1" 404 1214 "-" "Planet Linux of Taiwan +http://planet.linux.org.tw/ Planet/2.0 +http://www.planetplanet.org UniversalFeedParser/4.1 +http://feedparser.org/"
123.125.71.22 - - [17/May/2013:06:40:55 +0000] "GET / HTTP/1.1" 200 13119 "-" "Mozilla/5.0 (compatible; Baiduspider/2.0; +http://www.baidu.com/search/spider.html)"
220.181.108.90 - - [17/May/2013:06:41:44 +0000] "GET / HTTP/1.1" 200 13119 "-" "Mozilla/5.0 (compatible; Baiduspider/2.0; +http://www.baidu.com/search/spider.html)"
210.240.39.201 - - [17/May/2013:06:49:04 +0000] "GET /feed HTTP/1.1" 404 1214 "-" "Planet Linux of Taiwan +http://planet.linux.org.tw/ Planet/2.0 +http://www.planetplanet.org UniversalFeedParser/4.1 +http://feedparser.org/"
140.115.50.29 - - [17/May/2013:06:57:03 +0000] "GET / HTTP/1.1" 200 2514 "http://www.plurk.com/mosky" "Mozilla/5.0 (X11; Linux i686) AppleWebKit/537.31 (KHTML, like Gecko) Chrome/26.0.1410.63 Safari/537.31"
140.115.50.29 - - [17/May/2013:06:57:17 +0000] "-" 400 0 "-" "-"
180.76.5.154 - - [17/May/2013:06:58:29 +0000] "GET /builders.html HTTP/1.1" 200 13772 "-" "Mozilla/5.0 (compatible; Baiduspider/2.0; +http://www.baidu.com/search/spider.html)"
210.240.39.201 - - [17/May/2013:07:05:13 +0000] "GET /feed HTTP/1.1" 404 1214 "-" "Planet Linux of Taiwan +http://planet.linux.org.tw/ Planet/2.0 +http://www.planetplanet.org UniversalFeedParser/4.1 +http://feedparser.org/"
202.46.63.123 - - [17/May/2013:07:13:39 +0000] "GET / HTTP/1.1" 200 5844 "-" "Mozilla/4.0 (compatible; MSIE 7.0; Windows NT 6.0)"
66.249.85.197 - - [17/May/2013:07:13:40 +0000] "GET / HTTP/1.1" 200 2514 "-" "Mozilla/5.0 (Windows NT 6.1; rv:6.0) Gecko/20110814 Firefox/6.0 Google (+https://developers.google.com/+/web/snippet/)"
66.249.85.197 - - [17/May/2013:07:13:41 +0000] "GET /favicon.ico HTTP/1.1" 200 123790 "-" "Mozilla/5.0 (Windows NT 6.1; rv:6.0) Gecko/20110814 Firefox/6.0 Google (+https://developers.google.com/+/web/snippet/)"
119.63.193.131 - - [17/May/2013:07:14:56 +0000] "GET / HTTP/1.1" 200 5844 "-" "Mozilla/4.0 (compatible; MSIE 7.0; Windows NT 6.0)"
210.240.39.201 - - [17/May/2013:07:18:42 +0000] "GET /feed HTTP/1.1" 404 1214 "-" "Planet Linux of Taiwan +http://planet.linux.org.tw/ Planet/2.0 +http://www.planetplanet.org UniversalFeedParser/4.1 +http://feedparser.org/"
210.240.39.201 - - [17/May/2013:07:32:45 +0000] "GET /feed HTTP/1.1" 404 1214 "-" "Planet Linux of Taiwan +http://planet.linux.org.tw/ Planet/2.0 +http://www.planetplanet.org UniversalFeedParser/4.1 +http://feedparser.org/"
123.125.71.17 - - [17/May/2013:07:40:12 +0000] "GET / HTTP/1.1" 200 5844 "-" "Mozilla/5.0 (compatible; Baiduspider/2.0; +http://www.baidu.com/search/spider.html)"
220.181.108.110 - - [17/May/2013:07:41:02 +0000] "GET / HTTP/1.1" 200 5844 "-" "Mozilla/5.0 (compatible; Baiduspider/2.0; +http://www.baidu.com/search/spider.html)"
210.240.39.201 - - [17/May/2013:07:48:04 +0000] "GET /feed HTTP/1.1" 404 1214 "-" "Planet Linux of Taiwan +http://planet.linux.org.tw/ Planet/2.0 +http://www.planetplanet.org UniversalFeedParser/4.1 +http://feedparser.org/"
210.240.39.201 - - [17/May/2013:08:03:29 +0000] "GET /feed HTTP/1.1" 404 1214 "-" "Planet Linux of Taiwan +http://planet.linux.org.tw/ Planet/2.0 +http://www.planetplanet.org UniversalFeedParser/4.1 +http://feedparser.org/"
89.190.198.228 - - [17/May/2013:08:10:54 +0000] "GET /feed HTTP/1.1" 404 1214 "http://mosky.tw/feed" "InoReader (https://inoreader.com)"
122.116.65.7 - - [17/May/2013:08:11:17 +0000] "GET / HTTP/1.1" 200 2514 "http://www.openfoundry.org/community/userprofile/mosky" "Mozilla/5.0 (X11; Linux i686; rv:20.0) Gecko/20100101 Firefox/20.0"
122.116.65.7 - - [17/May/2013:08:11:17 +0000] "GET /css/base.css HTTP/1.1" 200 1265 "http://mosky.tw/" "Mozilla/5.0 (X11; Linux i686; rv:20.0) Gecko/20100101 Firefox/20.0"
122.116.65.7 - - [17/May/2013:08:11:17 +0000] "GET /css/about.css HTTP/1.1" 200 205 "http://mosky.tw/" "Mozilla/5.0 (X11; Linux i686; rv:20.0) Gecko/20100101 Firefox/20.0"
122.116.65.7 - - [17/May/2013:08:11:17 +0000] "GET /img/mosky-gmail.png HTTP/1.1" 200 1783 "http://mosky.tw/" "Mozilla/5.0 (X11; Linux i686; rv:20.0) Gecko/20100101 Firefox/20.0"
122.116.65.7 - - [17/May/2013:08:11:17 +0000] "GET /img/subtle_grunge.png HTTP/1.1" 200 84037 "http://mosky.tw/css/base.css" "Mozilla/5.0 (X11; Linux i686; rv:20.0) Gecko/20100101 Firefox/20.0"
122.116.65.7 - - [17/May/2013:08:11:17 +0000] "GET /img/lightpaperfibers.png HTTP/1.1" 200 134783 "http://mosky.tw/css/base.css" "Mozilla/5.0 (X11; Linux i686; rv:20.0) Gecko/20100101 Firefox/20.0"
122.116.65.7 - - [17/May/2013:08:11:18 +0000] "GET /favicon.ico HTTP/1.1" 200 123790 "-" "Mozilla/5.0 (X11; Linux i686; rv:20.0) Gecko/20100101 Firefox/20.0"
122.116.65.7 - - [17/May/2013:08:11:23 +0000] "-" 400 0 "-" "-"
210.240.39.201 - - [17/May/2013:08:19:01 +0000] "GET /feed HTTP/1.1" 404 1214 "-" "Planet Linux of Taiwan +http://planet.linux.org.tw/ Planet/2.0 +http://www.planetplanet.org UniversalFeedParser/4.1 +http://feedparser.org/"
210.240.39.201 - - [17/May/2013:08:32:27 +0000] "GET /feed HTTP/1.1" 404 1214 "-" "Planet Linux of Taiwan +http://planet.linux.org.tw/ Planet/2.0 +http://www.planetplanet.org UniversalFeedParser/4.1 +http://feedparser.org/"
122.201.198.114 - - [17/May/2013:08:41:55 +0000] "-" 400 0 "-" "-"
122.201.198.114 - - [17/May/2013:08:41:55 +0000] "-" 400 0 "-" "-"
123.125.71.31 - - [17/May/2013:08:42:15 +0000] "GET / HTTP/1.1" 200 13119 "-" "Mozilla/5.0 (compatible; Baiduspider/2.0; +http://www.baidu.com/search/spider.html)"
220.181.108.109 - - [17/May/2013:08:43:08 +0000] "GET / HTTP/1.1" 200 13119 "-" "Mozilla/5.0 (compatible; Baiduspider/2.0; +http://www.baidu.com/search/spider.html)"
210.240.39.201 - - [17/May/2013:08:47:23 +0000] "GET /feed HTTP/1.1" 404 1214 "-" "Planet Linux of Taiwan +http://planet.linux.org.tw/ Planet/2.0 +http://www.planetplanet.org UniversalFeedParser/4.1 +http://feedparser.org/"
54.224.242.119 - - [17/May/2013:08:54:06 +0000] "GET /244 HTTP/1.1" 404 1214 "-" "Mozilla/5.0 (Macintosh; U; Intel Mac OS X 10.6; en-US; rv:1.9.2) Gecko/20100115 Firefox/3.6 (FlipboardProxy/1.1; +http://flipboard.com/browserproxy)"
210.240.39.201 - - [17/May/2013:09:02:29 +0000] "GET /feed HTTP/1.1" 404 1214 "-" "Planet Linux of Taiwan +http://planet.linux.org.tw/ Planet/2.0 +http://www.planetplanet.org UniversalFeedParser/4.1 +http://feedparser.org/"
157.56.93.187 - - [17/May/2013:09:13:27 +0000] "GET /robots.txt HTTP/1.1" 404 168 "-" "Mozilla/5.0 (compatible; bingbot/2.0; +http://www.bing.com/bingbot.htm)"
157.56.93.187 - - [17/May/2013:09:15:14 +0000] "GET / HTTP/1.1" 200 3862 "-" "Mozilla/5.0 (compatible; bingbot/2.0; +http://www.bing.com/bingbot.htm)"
202.46.56.47 - - [17/May/2013:09:16:19 +0000] "GET / HTTP/1.1" 200 5844 "-" "Mozilla/4.0 (compatible; MSIE 7.0; Windows NT 6.0)"
210.240.39.201 - - [17/May/2013:09:17:04 +0000] "GET /feed HTTP/1.1" 404 1214 "-" "Planet Linux of Taiwan +http://planet.linux.org.tw/ Planet/2.0 +http://www.planetplanet.org UniversalFeedParser/4.1 +http://feedparser.org/"
119.63.193.195 - - [17/May/2013:09:17:42 +0000] "GET / HTTP/1.1" 200 5844 "-" "Mozilla/4.0 (compatible; MSIE 7.0; Windows NT 6.0)"
210.240.39.201 - - [17/May/2013:09:32:20 +0000] "GET /feed HTTP/1.1" 404 1214 "-" "Planet Linux of Taiwan +http://planet.linux.org.tw/ Planet/2.0 +http://www.planetplanet.org UniversalFeedParser/4.1 +http://feedparser.org/"
157.55.32.100 - - [17/May/2013:09:44:56 +0000] "GET / HTTP/1.1" 200 5844 "-" "Mozilla/5.0 (compatible; bingbot/2.0; +http://www.bing.com/bingbot.htm)"
157.56.93.212 - - [17/May/2013:09:45:40 +0000] "GET /robots.txt HTTP/1.1" 404 168 "-" "Mozilla/5.0 (compatible; bingbot/2.0; +http://www.bing.com/bingbot.htm)"
210.240.39.201 - - [17/May/2013:09:47:07 +0000] "GET /feed HTTP/1.1" 404 1214 "-" "Planet Linux of Taiwan +http://planet.linux.org.tw/ Planet/2.0 +http://www.planetplanet.org UniversalFeedParser/4.1 +http://feedparser.org/"
157.56.93.212 - - [17/May/2013:09:47:15 +0000] "GET / HTTP/1.1" 200 3977 "-" "Mozilla/5.0 (compatible; bingbot/2.0; +http://www.bing.com/bingbot.htm)"
123.125.71.46 - - [17/May/2013:09:50:28 +0000] "GET / HTTP/1.1" 200 5844 "-" "Mozilla/5.0 (compatible; Baiduspider/2.0; +http://www.baidu.com/search/spider.html)"
220.181.108.123 - - [17/May/2013:09:51:22 +0000] "GET / HTTP/1.1" 200 5844 "-" "Mozilla/5.0 (compatible; Baiduspider/2.0; +http://www.baidu.com/search/spider.html)"
42.79.180.96 - - [17/May/2013:09:56:52 +0000] "GET /category/python HTTP/1.1" 404 1214 "-" "Mozilla/5.0 (Windows NT 6.1; WOW64) AppleWebKit/537.22 (KHTML, like Gecko) Chrome/25.0.1364.172 Safari/537.22"
210.240.39.201 - - [17/May/2013:10:02:10 +0000] "GET /feed HTTP/1.1" 404 1214 "-" "Planet Linux of Taiwan +http://planet.linux.org.tw/ Planet/2.0 +http://www.planetplanet.org UniversalFeedParser/4.1 +http://feedparser.org/"
150.70.172.202 - - [17/May/2013:10:02:30 +0000] "GET /category/python HTTP/1.0" 404 2398 "-" "Mozilla/4.0 (compatible; MSIE 6.0; Windows NT 5.1)"
184.73.239.99 - - [17/May/2013:10:08:57 +0000] "GET /feed HTTP/1.1" 404 1214 "-" "Mozilla/5.0 (compatible; woriobot support [at] zite [dot] com +http://zite.com)"
210.240.39.201 - - [17/May/2013:10:16:31 +0000] "GET /feed HTTP/1.1" 404 1214 "-" "Planet Linux of Taiwan +http://planet.linux.org.tw/ Planet/2.0 +http://www.planetplanet.org UniversalFeedParser/4.1 +http://feedparser.org/"
210.240.39.201 - - [17/May/2013:10:31:47 +0000] "GET /feed HTTP/1.1" 404 1214 "-" "Planet Linux of Taiwan +http://planet.linux.org.tw/ Planet/2.0 +http://www.planetplanet.org UniversalFeedParser/4.1 +http://feedparser.org/"
65.55.213.73 - - [17/May/2013:10:40:22 +0000] "GET / HTTP/1.1" 200 2514 "-" "msnbot/2.0b (+http://search.msn.com/msnbot.htm)"
65.55.213.73 - - [17/May/2013:10:40:23 +0000] "GET /robots.txt HTTP/1.1" 404 1214 "-" "msnbot/2.0b (+http://search.msn.com/msnbot.htm)"
65.55.213.73 - - [17/May/2013:10:40:23 +0000] "GET / HTTP/1.1" 200 2514 "-" "msnbot/2.0b (+http://search.msn.com/msnbot.htm)"
123.125.71.35 - - [17/May/2013:10:42:56 +0000] "GET / HTTP/1.1" 200 12476 "-" "Mozilla/5.0 (compatible; Baiduspider/2.0; +http://www.baidu.com/search/spider.html)"
220.181.108.111 - - [17/May/2013:10:43:51 +0000] "GET / HTTP/1.1" 200 12476 "-" "Mozilla/5.0 (compatible; Baiduspider/2.0; +http://www.baidu.com/search/spider.html)"
210.240.39.201 - - [17/May/2013:10:46:33 +0000] "GET /feed HTTP/1.1" 404 1214 "-" "Planet Linux of Taiwan +http://planet.linux.org.tw/ Planet/2.0 +http://www.planetplanet.org UniversalFeedParser/4.1 +http://feedparser.org/"
210.240.39.201 - - [17/May/2013:11:01:41 +0000] "GET /feed HTTP/1.1" 404 1214 "-" "Planet Linux of Taiwan +http://planet.linux.org.tw/ Planet/2.0 +http://www.planetplanet.org UniversalFeedParser/4.1 +http://feedparser.org/"
142.58.21.63 - - [17/May/2013:11:07:03 +0000] "GET / HTTP/1.1" 200 2514 "http://tw.pycon.org/2013/zh/speaker/" "Mozilla/5.0 (X11; Linux x86_64) AppleWebKit/537.31 (KHTML, like Gecko) Chrome/26.0.1410.63 Safari/537.31"
142.58.21.63 - - [17/May/2013:11:07:03 +0000] "GET /css/base.css HTTP/1.1" 200 1265 "http://mosky.tw/" "Mozilla/5.0 (X11; Linux x86_64) AppleWebKit/537.31 (KHTML, like Gecko) Chrome/26.0.1410.63 Safari/537.31"
142.58.21.63 - - [17/May/2013:11:07:03 +0000] "GET /css/about.css HTTP/1.1" 200 205 "http://mosky.tw/" "Mozilla/5.0 (X11; Linux x86_64) AppleWebKit/537.31 (KHTML, like Gecko) Chrome/26.0.1410.63 Safari/537.31"
142.58.21.63 - - [17/May/2013:11:07:03 +0000] "GET /img/mosky-gmail.png HTTP/1.1" 200 1783 "http://mosky.tw/" "Mozilla/5.0 (X11; Linux x86_64) AppleWebKit/537.31 (KHTML, like Gecko) Chrome/26.0.1410.63 Safari/537.31"
142.58.21.63 - - [17/May/2013:11:07:03 +0000] "GET /img/subtle_grunge.png HTTP/1.1" 200 84037 "http://mosky.tw/" "Mozilla/5.0 (X11; Linux x86_64) AppleWebKit/537.31 (KHTML, like Gecko) Chrome/26.0.1410.63 Safari/537.31"
142.58.21.63 - - [17/May/2013:11:07:03 +0000] "GET /img/lightpaperfibers.png HTTP/1.1" 200 134783 "http://mosky.tw/" "Mozilla/5.0 (X11; Linux x86_64) AppleWebKit/537.31 (KHTML, like Gecko) Chrome/26.0.1410.63 Safari/537.31"
142.58.21.63 - - [17/May/2013:11:07:04 +0000] "GET /favicon.ico HTTP/1.1" 200 123790 "-" "Mozilla/5.0 (X11; Linux x86_64) AppleWebKit/537.31 (KHTML, like Gecko) Chrome/26.0.1410.63 Safari/537.31"
142.58.21.63 - - [17/May/2013:11:09:14 +0000] "GET / HTTP/1.1" 200 2514 "http://mosky.tw/" "Mozilla/5.0 (X11; Linux x86_64) AppleWebKit/537.31 (KHTML, like Gecko) Chrome/26.0.1410.63 Safari/537.31"
220.181.89.158 - - [17/May/2013:11:10:34 +0000] "GET /category/python/comprehension HTTP/1.1" 404 1214 "-" "Sogou web spider/4.0(+http://www.sogou.com/docs/help/webmasters.htm#07)"
89.190.198.228 - - [17/May/2013:11:11:51 +0000] "GET /feed HTTP/1.1" 404 1214 "http://mosky.tw/feed" "InoReader (https://inoreader.com)"
202.46.49.75 - - [17/May/2013:11:15:25 +0000] "GET / HTTP/1.1" 200 5844 "-" "Mozilla/4.0 (compatible; MSIE 7.0; Windows NT 6.0)"
210.240.39.201 - - [17/May/2013:11:16:42 +0000] "GET /feed HTTP/1.1" 404 1214 "-" "Planet Linux of Taiwan +http://planet.linux.org.tw/ Planet/2.0 +http://www.planetplanet.org UniversalFeedParser/4.1 +http://feedparser.org/"
119.63.193.196 - - [17/May/2013:11:16:47 +0000] "GET / HTTP/1.1" 200 5844 "-" "Mozilla/4.0 (compatible; MSIE 7.0; Windows NT 6.0)"
210.240.39.201 - - [17/May/2013:11:31:34 +0000] "GET /feed HTTP/1.1" 404 1214 "-" "Planet Linux of Taiwan +http://planet.linux.org.tw/ Planet/2.0 +http://www.planetplanet.org UniversalFeedParser/4.1 +http://feedparser.org/"
123.125.71.38 - - [17/May/2013:11:43:26 +0000] "GET / HTTP/1.1" 200 5844 "-" "Mozilla/5.0 (compatible; Baiduspider/2.0; +http://www.baidu.com/search/spider.html)"
220.181.108.101 - - [17/May/2013:11:44:19 +0000] "GET / HTTP/1.1" 200 5844 "-" "Mozilla/5.0 (compatible; Baiduspider/2.0; +http://www.baidu.com/search/spider.html)"
210.240.39.201 - - [17/May/2013:11:46:29 +0000] "GET /feed HTTP/1.1" 404 1214 "-" "Planet Linux of Taiwan +http://planet.linux.org.tw/ Planet/2.0 +http://www.planetplanet.org UniversalFeedParser/4.1 +http://feedparser.org/"
66.249.84.85 - - [17/May/2013:12:01:37 +0000] "GET / HTTP/1.1" 200 3977 "-" "Mozilla/5.0 (Windows NT 6.1; rv:6.0) Gecko/20110814 Firefox/6.0 Google (+https://developers.google.com/+/web/snippet/)"
66.249.84.85 - - [17/May/2013:12:01:37 +0000] "GET /favicon.ico HTTP/1.1" 404 142 "-" "Mozilla/5.0 (Windows NT 6.1; rv:6.0) Gecko/20110814 Firefox/6.0 Google (+https://developers.google.com/+/web/snippet/)"
66.249.84.76 - - [17/May/2013:12:01:38 +0000] "GET / HTTP/1.1" 200 3862 "-" "Mozilla/5.0 (Windows NT 6.1; rv:6.0) Gecko/20110814 Firefox/6.0 Google (+https://developers.google.com/+/web/snippet/)"
66.249.84.76 - - [17/May/2013:12:01:38 +0000] "GET /favicon.ico HTTP/1.1" 404 142 "-" "Mozilla/5.0 (Windows NT 6.1; rv:6.0) Gecko/20110814 Firefox/6.0 Google (+https://developers.google.com/+/web/snippet/)"
210.240.39.201 - - [17/May/2013:12:01:46 +0000] "GET /feed HTTP/1.1" 404 1214 "-" "Planet Linux of Taiwan +http://planet.linux.org.tw/ Planet/2.0 +http://www.planetplanet.org UniversalFeedParser/4.1 +http://feedparser.org/"
220.181.89.158 - - [17/May/2013:12:13:17 +0000] "GET /category/python/module HTTP/1.1" 404 1214 "-" "Sogou web spider/4.0(+http://www.sogou.com/docs/help/webmasters.htm#07)"
210.240.39.201 - - [17/May/2013:12:16:32 +0000] "GET /feed HTTP/1.1" 404 1214 "-" "Planet Linux of Taiwan +http://planet.linux.org.tw/ Planet/2.0 +http://www.planetplanet.org UniversalFeedParser/4.1 +http://feedparser.org/"
210.240.39.201 - - [17/May/2013:12:31:40 +0000] "GET /feed HTTP/1.1" 404 1214 "-" "Planet Linux of Taiwan +http://planet.linux.org.tw/ Planet/2.0 +http://www.planetplanet.org UniversalFeedParser/4.1 +http://feedparser.org/"
123.125.71.44 - - [17/May/2013:12:44:26 +0000] "GET / HTTP/1.1" 200 12476 "-" "Mozilla/5.0 (compatible; Baiduspider/2.0; +http://www.baidu.com/search/spider.html)"
220.181.108.120 - - [17/May/2013:12:45:24 +0000] "GET / HTTP/1.1" 200 12476 "-" "Mozilla/5.0 (compatible; Baiduspider/2.0; +http://www.baidu.com/search/spider.html)"
210.240.39.201 - - [17/May/2013:12:46:31 +0000] "GET /feed HTTP/1.1" 404 1214 "-" "Planet Linux of Taiwan +http://planet.linux.org.tw/ Planet/2.0 +http://www.planetplanet.org UniversalFeedParser/4.1 +http://feedparser.org/"
220.181.89.158 - - [17/May/2013:12:58:42 +0000] "GET /category/python/comprehension HTTP/1.1" 404 1214 "-" "Sogou web spider/4.0(+http://www.sogou.com/docs/help/webmasters.htm#07)"
210.240.39.201 - - [17/May/2013:13:02:02 +0000] "GET /feed HTTP/1.1" 404 1214 "-" "Planet Linux of Taiwan +http://planet.linux.org.tw/ Planet/2.0 +http://www.planetplanet.org UniversalFeedParser/4.1 +http://feedparser.org/"
203.73.233.216 - - [17/May/2013:13:05:11 +0000] "GET / HTTP/1.1" 200 2514 "https://www.google.com.tw/" "Mozilla/5.0 (Windows NT 6.1; WOW64) AppleWebKit/537.31 (KHTML, like Gecko) Chrome/26.0.1410.64 Safari/537.31"
203.73.233.216 - - [17/May/2013:13:05:11 +0000] "GET /css/base.css HTTP/1.1" 200 1265 "http://mosky.tw/" "Mozilla/5.0 (Windows NT 6.1; WOW64) AppleWebKit/537.31 (KHTML, like Gecko) Chrome/26.0.1410.64 Safari/537.31"
203.73.233.216 - - [17/May/2013:13:05:11 +0000] "GET /css/about.css HTTP/1.1" 200 205 "http://mosky.tw/" "Mozilla/5.0 (Windows NT 6.1; WOW64) AppleWebKit/537.31 (KHTML, like Gecko) Chrome/26.0.1410.64 Safari/537.31"
203.73.233.216 - - [17/May/2013:13:05:12 +0000] "GET /img/mosky-gmail.png HTTP/1.1" 200 1783 "http://mosky.tw/" "Mozilla/5.0 (Windows NT 6.1; WOW64) AppleWebKit/537.31 (KHTML, like Gecko) Chrome/26.0.1410.64 Safari/537.31"
203.73.233.216 - - [17/May/2013:13:05:12 +0000] "GET /img/subtle_grunge.png HTTP/1.1" 200 84037 "http://mosky.tw/" "Mozilla/5.0 (Windows NT 6.1; WOW64) AppleWebKit/537.31 (KHTML, like Gecko) Chrome/26.0.1410.64 Safari/537.31"
203.73.233.216 - - [17/May/2013:13:05:12 +0000] "GET /img/lightpaperfibers.png HTTP/1.1" 200 134783 "http://mosky.tw/" "Mozilla/5.0 (Windows NT 6.1; WOW64) AppleWebKit/537.31 (KHTML, like Gecko) Chrome/26.0.1410.64 Safari/537.31"
203.73.233.216 - - [17/May/2013:13:05:26 +0000] "-" 400 0 "-" "-"
202.46.62.13 - - [17/May/2013:13:14:08 +0000] "GET / HTTP/1.1" 200 5844 "-" "Mozilla/4.0 (compatible; MSIE 7.0; Windows NT 6.0)"
119.63.193.132 - - [17/May/2013:13:15:28 +0000] "GET / HTTP/1.1" 200 5844 "-" "Mozilla/4.0 (compatible; MSIE 7.0; Windows NT 6.0)"
123.151.148.168 - - [17/May/2013:13:15:43 +0000] "GET / HTTP/1.1" 200 2514 "http://mosky.tw/" "Mozilla/5.0 (compatible; Sosospider/2.0; +http://help.soso.com/webspider.htm)"
210.240.39.201 - - [17/May/2013:13:16:44 +0000] "GET /feed HTTP/1.1" 404 1214 "-" "Planet Linux of Taiwan +http://planet.linux.org.tw/ Planet/2.0 +http://www.planetplanet.org UniversalFeedParser/4.1 +http://feedparser.org/"
210.240.39.201 - - [17/May/2013:13:31:50 +0000] "GET /feed HTTP/1.1" 404 1214 "-" "Planet Linux of Taiwan +http://planet.linux.org.tw/ Planet/2.0 +http://www.planetplanet.org UniversalFeedParser/4.1 +http://feedparser.org/"
123.125.71.34 - - [17/May/2013:13:39:23 +0000] "GET / HTTP/1.1" 200 13119 "-" "Mozilla/5.0 (compatible; Baiduspider/2.0; +http://www.baidu.com/search/spider.html)"
220.181.108.75 - - [17/May/2013:13:40:10 +0000] "GET / HTTP/1.1" 200 13119 "-" "Mozilla/5.0 (compatible; Baiduspider/2.0; +http://www.baidu.com/search/spider.html)"
210.240.39.201 - - [17/May/2013:13:46:32 +0000] "GET /feed HTTP/1.1" 404 1214 "-" "Planet Linux of Taiwan +http://planet.linux.org.tw/ Planet/2.0 +http://www.planetplanet.org UniversalFeedParser/4.1 +http://feedparser.org/"
210.240.39.201 - - [17/May/2013:14:01:29 +0000] "GET /feed HTTP/1.1" 404 1214 "-" "Planet Linux of Taiwan +http://planet.linux.org.tw/ Planet/2.0 +http://www.planetplanet.org UniversalFeedParser/4.1 +http://feedparser.org/"
66.249.84.85 - - [17/May/2013:14:02:40 +0000] "GET / HTTP/1.1" 200 3977 "-" "Mozilla/5.0 (Windows NT 6.1; rv:6.0) Gecko/20110814 Firefox/6.0 Google (+https://developers.google.com/+/web/snippet/)"
66.249.84.85 - - [17/May/2013:14:02:40 +0000] "GET /favicon.ico HTTP/1.1" 404 142 "-" "Mozilla/5.0 (Windows NT 6.1; rv:6.0) Gecko/20110814 Firefox/6.0 Google (+https://developers.google.com/+/web/snippet/)"
66.249.84.76 - - [17/May/2013:14:02:40 +0000] "GET / HTTP/1.1" 200 3862 "-" "Mozilla/5.0 (Windows NT 6.1; rv:6.0) Gecko/20110814 Firefox/6.0 Google (+https://developers.google.com/+/web/snippet/)"
66.249.84.76 - - [17/May/2013:14:02:40 +0000] "GET /favicon.ico HTTP/1.1" 404 142 "-" "Mozilla/5.0 (Windows NT 6.1; rv:6.0) Gecko/20110814 Firefox/6.0 Google (+https://developers.google.com/+/web/snippet/)"
89.190.198.228 - - [17/May/2013:14:13:46 +0000] "GET /feed HTTP/1.1" 404 1214 "http://mosky.tw/feed" "InoReader (https://inoreader.com)"
210.240.39.201 - - [17/May/2013:14:16:28 +0000] "GET /feed HTTP/1.1" 404 1214 "-" "Planet Linux of Taiwan +http://planet.linux.org.tw/ Planet/2.0 +http://www.planetplanet.org UniversalFeedParser/4.1 +http://feedparser.org/"
210.240.39.201 - - [17/May/2013:14:31:39 +0000] "GET /feed HTTP/1.1" 404 1214 "-" "Planet Linux of Taiwan +http://planet.linux.org.tw/ Planet/2.0 +http://www.planetplanet.org UniversalFeedParser/4.1 +http://feedparser.org/"
123.125.71.30 - - [17/May/2013:14:42:00 +0000] "GET / HTTP/1.1" 200 5844 "-" "Mozilla/5.0 (compatible; Baiduspider/2.0; +http://www.baidu.com/search/spider.html)"
220.181.108.115 - - [17/May/2013:14:43:00 +0000] "GET / HTTP/1.1" 200 5844 "-" "Mozilla/5.0 (compatible; Baiduspider/2.0; +http://www.baidu.com/search/spider.html)"
210.240.39.201 - - [17/May/2013:14:46:44 +0000] "GET /feed HTTP/1.1" 404 1214 "-" "Planet Linux of Taiwan +http://planet.linux.org.tw/ Planet/2.0 +http://www.planetplanet.org UniversalFeedParser/4.1 +http://feedparser.org/"
101.12.66.2 - - [17/May/2013:14:54:32 +0000] "GET / HTTP/1.1" 200 2514 "-" "Opera/9.80 (Android 4.2.2; Linux; Opera Mobi/ADR-1301080958) Presto/2.11.355 Version/12.10"
101.12.66.2 - - [17/May/2013:14:54:32 +0000] "GET /css/base.css HTTP/1.1" 200 1265 "http://mosky.tw/" "Opera/9.80 (Android 4.2.2; Linux; Opera Mobi/ADR-1301080958) Presto/2.11.355 Version/12.10"
101.12.66.2 - - [17/May/2013:14:54:33 +0000] "GET /img/mosky-gmail.png HTTP/1.1" 200 1783 "http://mosky.tw/" "Opera/9.80 (Android 4.2.2; Linux; Opera Mobi/ADR-1301080958) Presto/2.11.355 Version/12.10"
101.12.66.2 - - [17/May/2013:14:54:33 +0000] "GET /css/about.css HTTP/1.1" 200 205 "http://mosky.tw/" "Opera/9.80 (Android 4.2.2; Linux; Opera Mobi/ADR-1301080958) Presto/2.11.355 Version/12.10"
101.12.66.2 - - [17/May/2013:14:54:33 +0000] "GET /favicon.ico HTTP/1.1" 200 123790 "http://mosky.tw/" "Opera/9.80 (Android 4.2.2; Linux; Opera Mobi/ADR-1301080958) Presto/2.11.355 Version/12.10"
101.12.66.2 - - [17/May/2013:14:54:33 +0000] "GET /img/lightpaperfibers.png HTTP/1.1" 200 134783 "http://mosky.tw/" "Opera/9.80 (Android 4.2.2; Linux; Opera Mobi/ADR-1301080958) Presto/2.11.355 Version/12.10"
101.12.66.2 - - [17/May/2013:14:54:33 +0000] "GET /img/subtle_grunge.png HTTP/1.1" 200 84037 "http://mosky.tw/" "Opera/9.80 (Android 4.2.2; Linux; Opera Mobi/ADR-1301080958) Presto/2.11.355 Version/12.10"
101.12.66.2 - - [17/May/2013:14:54:49 +0000] "GET / HTTP/1.1" 200 2514 "-" "Mozilla/5.0 (Android; Mobile; rv:21.0) Gecko/21.0 Firefox/21.0"
101.12.66.2 - - [17/May/2013:14:54:49 +0000] "GET /css/base.css HTTP/1.1" 200 1265 "http://mosky.tw/" "Mozilla/5.0 (Android; Mobile; rv:21.0) Gecko/21.0 Firefox/21.0"
101.12.66.2 - - [17/May/2013:14:54:49 +0000] "GET /css/about.css HTTP/1.1" 200 205 "http://mosky.tw/" "Mozilla/5.0 (Android; Mobile; rv:21.0) Gecko/21.0 Firefox/21.0"
101.12.66.2 - - [17/May/2013:14:54:49 +0000] "GET /img/mosky-gmail.png HTTP/1.1" 200 1783 "http://mosky.tw/" "Mozilla/5.0 (Android; Mobile; rv:21.0) Gecko/21.0 Firefox/21.0"
101.12.66.2 - - [17/May/2013:14:54:50 +0000] "GET /img/subtle_grunge.png HTTP/1.1" 200 84037 "http://mosky.tw/css/base.css" "Mozilla/5.0 (Android; Mobile; rv:21.0) Gecko/21.0 Firefox/21.0"
101.12.66.2 - - [17/May/2013:14:54:50 +0000] "GET /img/lightpaperfibers.png HTTP/1.1" 200 134783 "http://mosky.tw/css/base.css" "Mozilla/5.0 (Android; Mobile; rv:21.0) Gecko/21.0 Firefox/21.0"
101.12.66.2 - - [17/May/2013:14:54:53 +0000] "GET /favicon.ico HTTP/1.1" 200 123790 "-" "Mozilla/5.0 (Android; Mobile; rv:21.0) Gecko/21.0 Firefox/21.0"
101.12.66.2 - - [17/May/2013:14:54:55 +0000] "-" 400 0 "-" "-"
101.12.66.2 - - [17/May/2013:14:54:55 +0000] "-" 400 0 "-" "-"
220.181.108.175 - - [17/May/2013:14:59:39 +0000] "GET /wp-content/uploads/2011/01/enjoy-bus.png HTTP/1.1" 404 1214 "-" "Baiduspider-image+(+http://www.baidu.com/search/spider.htm)"
210.240.39.201 - - [17/May/2013:15:01:32 +0000] "GET /feed HTTP/1.1" 404 1214 "-" "Planet Linux of Taiwan +http://planet.linux.org.tw/ Planet/2.0 +http://www.planetplanet.org UniversalFeedParser/4.1 +http://feedparser.org/"
219.85.192.57 - - [17/May/2013:15:02:08 +0000] "GET / HTTP/1.1" 200 2514 "-" "Mozilla/5.0 (Windows NT 6.1; WOW64) AppleWebKit/537.31 (KHTML, like Gecko) Chrome/26.0.1410.64 Safari/537.31"
219.85.192.57 - - [17/May/2013:15:02:09 +0000] "GET /css/base.css HTTP/1.1" 200 1265 "http://mosky.tw/" "Mozilla/5.0 (Windows NT 6.1; WOW64) AppleWebKit/537.31 (KHTML, like Gecko) Chrome/26.0.1410.64 Safari/537.31"
219.85.192.57 - - [17/May/2013:15:02:09 +0000] "GET /css/about.css HTTP/1.1" 200 205 "http://mosky.tw/" "Mozilla/5.0 (Windows NT 6.1; WOW64) AppleWebKit/537.31 (KHTML, like Gecko) Chrome/26.0.1410.64 Safari/537.31"
219.85.192.57 - - [17/May/2013:15:02:09 +0000] "GET /img/mosky-gmail.png HTTP/1.1" 200 1783 "http://mosky.tw/" "Mozilla/5.0 (Windows NT 6.1; WOW64) AppleWebKit/537.31 (KHTML, like Gecko) Chrome/26.0.1410.64 Safari/537.31"
219.85.192.57 - - [17/May/2013:15:02:09 +0000] "GET /img/subtle_grunge.png HTTP/1.1" 200 84037 "http://mosky.tw/" "Mozilla/5.0 (Windows NT 6.1; WOW64) AppleWebKit/537.31 (KHTML, like Gecko) Chrome/26.0.1410.64 Safari/537.31"
219.85.192.57 - - [17/May/2013:15:02:09 +0000] "GET /img/lightpaperfibers.png HTTP/1.1" 200 134783 "http://mosky.tw/" "Mozilla/5.0 (Windows NT 6.1; WOW64) AppleWebKit/537.31 (KHTML, like Gecko) Chrome/26.0.1410.64 Safari/537.31"
219.85.192.57 - - [17/May/2013:15:02:20 +0000] "-" 400 0 "-" "-"
202.46.54.39 - - [17/May/2013:15:11:22 +0000] "GET / HTTP/1.1" 200 5844 "-" "Mozilla/4.0 (compatible; MSIE 7.0; Windows NT 6.0)"
119.63.193.132 - - [17/May/2013:15:12:35 +0000] "GET / HTTP/1.1" 200 5844 "-" "Mozilla/4.0 (compatible; MSIE 7.0; Windows NT 6.0)"
210.240.39.201 - - [17/May/2013:15:16:40 +0000] "GET /feed HTTP/1.1" 404 1214 "-" "Planet Linux of Taiwan +http://planet.linux.org.tw/ Planet/2.0 +http://www.planetplanet.org UniversalFeedParser/4.1 +http://feedparser.org/"
210.240.39.201 - - [17/May/2013:15:31:38 +0000] "GET /feed HTTP/1.1" 404 1214 "-" "Planet Linux of Taiwan +http://planet.linux.org.tw/ Planet/2.0 +http://www.planetplanet.org UniversalFeedParser/4.1 +http://feedparser.org/"
101.226.167.219 - - [17/May/2013:15:41:43 +0000] "GET /category/storelayer HTTP/1.1" 404 1214 "http://mosky.tw/category/storelayer" "Mozilla/4.0 (compatible; MSIE 8.0; Windows NT 6.1; Trident/4.0; SLCC2; .NET CLR 2.0.50727; .NET CLR 3.5.30729; .NET CLR 3.0.30729; Media Center PC 6.0; MDDR; .NET4.0C; .NET4.0E; .NET CLR 1.1.4322; Tablet PC 2.0); 360Spider"
101.226.167.221 - - [17/May/2013:15:41:43 +0000] "GET /category/python/lambda HTTP/1.1" 404 1214 "http://mosky.tw/category/python/lambda" "Mozilla/4.0 (compatible; MSIE 8.0; Windows NT 6.1; Trident/4.0; SLCC2; .NET CLR 2.0.50727; .NET CLR 3.5.30729; .NET CLR 3.0.30729; Media Center PC 6.0; MDDR; .NET4.0C; .NET4.0E; .NET CLR 1.1.4322; Tablet PC 2.0); 360Spider"
123.125.71.43 - - [17/May/2013:15:42:29 +0000] "GET / HTTP/1.1" 200 5844 "-" "Mozilla/5.0 (compatible; Baiduspider/2.0; +http://www.baidu.com/search/spider.html)"
220.181.108.90 - - [17/May/2013:15:43:24 +0000] "GET / HTTP/1.1" 200 5844 "-" "Mozilla/5.0 (compatible; Baiduspider/2.0; +http://www.baidu.com/search/spider.html)"
210.240.39.201 - - [17/May/2013:15:46:55 +0000] "GET /feed HTTP/1.1" 404 1214 "-" "Planet Linux of Taiwan +http://planet.linux.org.tw/ Planet/2.0 +http://www.planetplanet.org UniversalFeedParser/4.1 +http://feedparser.org/"
67.202.20.80 - - [17/May/2013:15:55:05 +0000] "GET /336 HTTP/1.1" 404 1214 "-" "Mozilla/5.0 (Macintosh; U; Intel Mac OS X 10.6; en-US; rv:1.9.2) Gecko/20100115 Firefox/3.6 (FlipboardProxy/1.1; +http://flipboard.com/browserproxy)"
210.240.39.201 - - [17/May/2013:16:03:43 +0000] "GET /feed HTTP/1.1" 404 1214 "-" "Planet Linux of Taiwan +http://planet.linux.org.tw/ Planet/2.0 +http://www.planetplanet.org UniversalFeedParser/4.1 +http://feedparser.org/"
184.73.132.105 - - [17/May/2013:16:05:44 +0000] "GET /244 HTTP/1.1" 404 1214 "-" "Mozilla/5.0 (Macintosh; U; Intel Mac OS X 10.6; en-US; rv:1.9.2) Gecko/20100115 Firefox/3.6 (FlipboardProxy/1.1; +http://flipboard.com/browserproxy)"
210.240.39.201 - - [17/May/2013:16:17:28 +0000] "GET /feed HTTP/1.1" 404 1214 "-" "Planet Linux of Taiwan +http://planet.linux.org.tw/ Planet/2.0 +http://www.planetplanet.org UniversalFeedParser/4.1 +http://feedparser.org/"
210.240.39.201 - - [17/May/2013:16:31:38 +0000] "GET /feed HTTP/1.1" 404 1214 "-" "Planet Linux of Taiwan +http://planet.linux.org.tw/ Planet/2.0 +http://www.planetplanet.org UniversalFeedParser/4.1 +http://feedparser.org/"
107.21.135.227 - - [17/May/2013:16:36:04 +0000] "GET /feed HTTP/1.1" 404 1214 "-" "Mozilla/5.0 (compatible; woriobot support [at] zite [dot] com +http://zite.com)"
111.252.23.60 - - [17/May/2013:16:44:38 +0000] "GET /feed HTTP/1.1" 404 1214 "-" "Mozilla/5.0 (Windows NT 6.1; rv:20.0) Gecko/20100101 Firefox/20.0"
210.240.39.201 - - [17/May/2013:16:46:32 +0000] "GET /feed HTTP/1.1" 404 1214 "-" "Planet Linux of Taiwan +http://planet.linux.org.tw/ Planet/2.0 +http://www.planetplanet.org UniversalFeedParser/4.1 +http://feedparser.org/"
111.252.23.60 - - [17/May/2013:16:47:51 +0000] "GET /feed HTTP/1.1" 404 1214 "-" "Mozilla/5.0 (Windows NT 6.1; rv:20.0) Gecko/20100101 Firefox/20.0"
111.252.23.60 - - [17/May/2013:16:48:16 +0000] "GET /feed HTTP/1.1" 404 1214 "-" "Mozilla/5.0 (Windows NT 6.1; rv:20.0) Gecko/20100101 Firefox/20.0"
111.252.23.60 - - [17/May/2013:16:51:32 +0000] "GET /feed HTTP/1.1" 404 1214 "-" "Mozilla/5.0 (Windows NT 6.1; rv:20.0) Gecko/20100101 Firefox/20.0"
123.125.71.22 - - [17/May/2013:16:54:38 +0000] "GET / HTTP/1.1" 200 5844 "-" "Mozilla/5.0 (compatible; Baiduspider/2.0; +http://www.baidu.com/search/spider.html)"
220.181.108.123 - - [17/May/2013:16:55:46 +0000] "GET / HTTP/1.1" 200 5844 "-" "Mozilla/5.0 (compatible; Baiduspider/2.0; +http://www.baidu.com/search/spider.html)"
210.240.39.201 - - [17/May/2013:17:02:05 +0000] "GET /feed HTTP/1.1" 404 1214 "-" "Planet Linux of Taiwan +http://planet.linux.org.tw/ Planet/2.0 +http://www.planetplanet.org UniversalFeedParser/4.1 +http://feedparser.org/"
202.46.50.15 - - [17/May/2013:17:14:23 +0000] "GET / HTTP/1.1" 200 5844 "-" "Mozilla/4.0 (compatible; MSIE 7.0; Windows NT 6.0)"
89.190.198.228 - - [17/May/2013:17:14:59 +0000] "GET /feed HTTP/1.1" 404 1214 "http://mosky.tw/feed" "InoReader (https://inoreader.com)"
119.63.193.132 - - [17/May/2013:17:15:42 +0000] "GET / HTTP/1.1" 200 5844 "-" "Mozilla/4.0 (compatible; MSIE 7.0; Windows NT 6.0)"
210.240.39.201 - - [17/May/2013:17:17:09 +0000] "GET /feed HTTP/1.1" 404 1214 "-" "Planet Linux of Taiwan +http://planet.linux.org.tw/ Planet/2.0 +http://www.planetplanet.org UniversalFeedParser/4.1 +http://feedparser.org/"
210.240.39.201 - - [17/May/2013:17:32:06 +0000] "GET /feed HTTP/1.1" 404 1214 "-" "Planet Linux of Taiwan +http://planet.linux.org.tw/ Planet/2.0 +http://www.planetplanet.org UniversalFeedParser/4.1 +http://feedparser.org/"
175.182.91.133 - - [17/May/2013:17:33:30 +0000] "GET / HTTP/1.1" 200 2514 "http://www.plurk.com/mosky" "Mozilla/5.0 (Macintosh; Intel Mac OS X 10_8_3) AppleWebKit/536.29.13 (KHTML, like Gecko) Version/6.0.4 Safari/536.29.13"
175.182.91.133 - - [17/May/2013:17:33:30 +0000] "GET /css/about.css HTTP/1.1" 200 205 "http://mosky.tw/" "Mozilla/5.0 (Macintosh; Intel Mac OS X 10_8_3) AppleWebKit/536.29.13 (KHTML, like Gecko) Version/6.0.4 Safari/536.29.13"
175.182.91.133 - - [17/May/2013:17:33:30 +0000] "GET /css/base.css HTTP/1.1" 200 1265 "http://mosky.tw/" "Mozilla/5.0 (Macintosh; Intel Mac OS X 10_8_3) AppleWebKit/536.29.13 (KHTML, like Gecko) Version/6.0.4 Safari/536.29.13"
175.182.91.133 - - [17/May/2013:17:33:30 +0000] "GET /img/mosky-gmail.png HTTP/1.1" 200 1783 "http://mosky.tw/" "Mozilla/5.0 (Macintosh; Intel Mac OS X 10_8_3) AppleWebKit/536.29.13 (KHTML, like Gecko) Version/6.0.4 Safari/536.29.13"
175.182.91.133 - - [17/May/2013:17:33:31 +0000] "GET /img/subtle_grunge.png HTTP/1.1" 200 84037 "http://mosky.tw/" "Mozilla/5.0 (Macintosh; Intel Mac OS X 10_8_3) AppleWebKit/536.29.13 (KHTML, like Gecko) Version/6.0.4 Safari/536.29.13"
175.182.91.133 - - [17/May/2013:17:33:31 +0000] "GET /img/lightpaperfibers.png HTTP/1.1" 200 134783 "http://mosky.tw/" "Mozilla/5.0 (Macintosh; Intel Mac OS X 10_8_3) AppleWebKit/536.29.13 (KHTML, like Gecko) Version/6.0.4 Safari/536.29.13"
175.182.91.133 - - [17/May/2013:17:33:32 +0000] "GET /favicon.ico HTTP/1.1" 200 123790 "http://mosky.tw/" "Mozilla/5.0 (Macintosh; Intel Mac OS X 10_8_3) AppleWebKit/536.29.13 (KHTML, like Gecko) Version/6.0.4 Safari/536.29.13"
210.240.39.201 - - [17/May/2013:17:46:37 +0000] "GET /feed HTTP/1.1" 404 1214 "-" "Planet Linux of Taiwan +http://planet.linux.org.tw/ Planet/2.0 +http://www.planetplanet.org UniversalFeedParser/4.1 +http://feedparser.org/"
37.59.47.177 - - [17/May/2013:17:47:07 +0000] "GET /feed HTTP/1.1" 404 1214 "-" "Apache-HttpClient/4.2.5 (java 1.5)"
123.125.71.24 - - [17/May/2013:17:57:06 +0000] "GET / HTTP/1.1" 200 12476 "-" "Mozilla/5.0 (compatible; Baiduspider/2.0; +http://www.baidu.com/search/spider.html)"
220.181.108.103 - - [17/May/2013:17:58:02 +0000] "GET / HTTP/1.1" 200 12476 "-" "Mozilla/5.0 (compatible; Baiduspider/2.0; +http://www.baidu.com/search/spider.html)"
210.240.39.201 - - [17/May/2013:18:01:56 +0000] "GET /feed HTTP/1.1" 404 1214 "-" "Planet Linux of Taiwan +http://planet.linux.org.tw/ Planet/2.0 +http://www.planetplanet.org UniversalFeedParser/4.1 +http://feedparser.org/"
123.125.71.35 - - [17/May/2013:18:08:35 +0000] "GET /robots.txt HTTP/1.1" 404 1214 "-" "Mozilla/5.0 (Windows NT 5.1; rv:6.0.2) Gecko/20100101 Firefox/6.0.2"
123.125.71.85 - - [17/May/2013:18:08:35 +0000] "GET /robots.txt HTTP/1.1" 404 142 "-" "Mozilla/5.0 (Windows NT 5.1; rv:6.0.2) Gecko/20100101 Firefox/6.0.2"
123.125.71.33 - - [17/May/2013:18:08:35 +0000] "GET /robots.txt HTTP/1.1" 404 142 "-" "Mozilla/5.0 (Windows NT 5.1; rv:6.0.2) Gecko/20100101 Firefox/6.0.2"
210.240.39.201 - - [17/May/2013:18:16:38 +0000] "GET /feed HTTP/1.1" 404 1214 "-" "Planet Linux of Taiwan +http://planet.linux.org.tw/ Planet/2.0 +http://www.planetplanet.org UniversalFeedParser/4.1 +http://feedparser.org/"
180.76.5.110 - - [17/May/2013:18:23:08 +0000] "GET /robots.txt HTTP/1.1" 404 142 "-" "Mozilla/5.0 (Windows NT 5.1; rv:6.0.2) Gecko/20100101 Firefox/6.0.2"
65.55.213.73 - - [17/May/2013:18:29:17 +0000] "GET / HTTP/1.1" 200 2514 "-" "msnbot/2.0b (+http://search.msn.com/msnbot.htm)"
210.240.39.201 - - [17/May/2013:18:32:00 +0000] "GET /feed HTTP/1.1" 404 1214 "-" "Planet Linux of Taiwan +http://planet.linux.org.tw/ Planet/2.0 +http://www.planetplanet.org UniversalFeedParser/4.1 +http://feedparser.org/"
123.125.71.29 - - [17/May/2013:18:43:28 +0000] "GET / HTTP/1.1" 200 12476 "-" "Mozilla/5.0 (compatible; Baiduspider/2.0; +http://www.baidu.com/search/spider.html)"
220.181.108.105 - - [17/May/2013:18:44:23 +0000] "GET / HTTP/1.1" 200 12476 "-" "Mozilla/5.0 (compatible; Baiduspider/2.0; +http://www.baidu.com/search/spider.html)"
210.240.39.201 - - [17/May/2013:18:46:36 +0000] "GET /feed HTTP/1.1" 404 1214 "-" "Planet Linux of Taiwan +http://planet.linux.org.tw/ Planet/2.0 +http://www.planetplanet.org UniversalFeedParser/4.1 +http://feedparser.org/"
23.20.193.47 - - [17/May/2013:18:47:14 +0000] "GET /244 HTTP/1.1" 404 1214 "-" "Mozilla/5.0 (Macintosh; U; Intel Mac OS X 10.6; en-US; rv:1.9.2) Gecko/20100115 Firefox/3.6 (FlipboardProxy/1.1; +http://flipboard.com/browserproxy)"
210.240.39.201 - - [17/May/2013:19:03:55 +0000] "GET /feed HTTP/1.1" 404 1214 "-" "Planet Linux of Taiwan +http://planet.linux.org.tw/ Planet/2.0 +http://www.planetplanet.org UniversalFeedParser/4.1 +http://feedparser.org/"
118.169.221.202 - - [17/May/2013:19:04:04 +0000] "GET / HTTP/1.1" 200 3862 "-" "Mozilla/5.0 (X11; Linux x86_64) AppleWebKit/537.31 (KHTML, like Gecko) Chrome/26.0.1410.63 Safari/537.31"
118.169.221.202 - - [17/May/2013:19:04:04 +0000] "GET /_static/haiku.css HTTP/1.1" 200 6684 "http://clime.mosky.tw/" "Mozilla/5.0 (X11; Linux x86_64) AppleWebKit/537.31 (KHTML, like Gecko) Chrome/26.0.1410.63 Safari/537.31"
118.169.221.202 - - [17/May/2013:19:04:04 +0000] "GET /_static/pygments.css HTTP/1.1" 200 3932 "http://clime.mosky.tw/" "Mozilla/5.0 (X11; Linux x86_64) AppleWebKit/537.31 (KHTML, like Gecko) Chrome/26.0.1410.63 Safari/537.31"
118.169.221.202 - - [17/May/2013:19:04:04 +0000] "GET /_static/print.css HTTP/1.1" 404 200 "http://clime.mosky.tw/" "Mozilla/5.0 (X11; Linux x86_64) AppleWebKit/537.31 (KHTML, like Gecko) Chrome/26.0.1410.63 Safari/537.31"
118.169.221.202 - - [17/May/2013:19:04:04 +0000] "GET /_static/underscore.js HTTP/1.1" 200 12140 "http://clime.mosky.tw/" "Mozilla/5.0 (X11; Linux x86_64) AppleWebKit/537.31 (KHTML, like Gecko) Chrome/26.0.1410.63 Safari/537.31"
118.169.221.202 - - [17/May/2013:19:04:04 +0000] "GET /_static/doctools.js HTTP/1.1" 200 6620 "http://clime.mosky.tw/" "Mozilla/5.0 (X11; Linux x86_64) AppleWebKit/537.31 (KHTML, like Gecko) Chrome/26.0.1410.63 Safari/537.31"
118.169.221.202 - - [17/May/2013:19:04:04 +0000] "GET /_static/theme_extras.js HTTP/1.1" 404 200 "http://clime.mosky.tw/" "Mozilla/5.0 (X11; Linux x86_64) AppleWebKit/537.31 (KHTML, like Gecko) Chrome/26.0.1410.63 Safari/537.31"
118.169.221.202 - - [17/May/2013:19:04:04 +0000] "GET /_static/basic.css HTTP/1.1" 200 8463 "http://clime.mosky.tw/" "Mozilla/5.0 (X11; Linux x86_64) AppleWebKit/537.31 (KHTML, like Gecko) Chrome/26.0.1410.63 Safari/537.31"
118.169.221.202 - - [17/May/2013:19:04:04 +0000] "GET /_static/jquery.js HTTP/1.1" 200 93868 "http://clime.mosky.tw/" "Mozilla/5.0 (X11; Linux x86_64) AppleWebKit/537.31 (KHTML, like Gecko) Chrome/26.0.1410.63 Safari/537.31"
118.169.221.202 - - [17/May/2013:19:04:04 +0000] "GET /_static/bg-page.png HTTP/1.1" 200 164 "http://clime.mosky.tw/" "Mozilla/5.0 (X11; Linux x86_64) AppleWebKit/537.31 (KHTML, like Gecko) Chrome/26.0.1410.63 Safari/537.31"
118.169.221.202 - - [17/May/2013:19:04:05 +0000] "GET /_static/bullet_orange.png HTTP/1.1" 200 365 "http://clime.mosky.tw/" "Mozilla/5.0 (X11; Linux x86_64) AppleWebKit/537.31 (KHTML, like Gecko) Chrome/26.0.1410.63 Safari/537.31"
118.169.221.202 - - [17/May/2013:19:04:06 +0000] "GET /favicon.ico HTTP/1.1" 404 200 "-" "Mozilla/5.0 (X11; Linux x86_64) AppleWebKit/537.31 (KHTML, like Gecko) Chrome/26.0.1410.63 Safari/537.31"
202.46.50.11 - - [17/May/2013:19:13:44 +0000] "GET / HTTP/1.1" 200 5844 "-" "Mozilla/4.0 (compatible; MSIE 7.0; Windows NT 6.0)"
119.63.193.131 - - [17/May/2013:19:15:02 +0000] "GET / HTTP/1.1" 200 5844 "-" "Mozilla/4.0 (compatible; MSIE 7.0; Windows NT 6.0)"
54.251.249.249 - - [17/May/2013:19:16:44 +0000] "GET / HTTP/1.1" 200 12476 "-" "Python-urllib/2.7"
210.240.39.201 - - [17/May/2013:19:17:06 +0000] "GET /feed HTTP/1.1" 404 1214 "-" "Planet Linux of Taiwan +http://planet.linux.org.tw/ Planet/2.0 +http://www.planetplanet.org UniversalFeedParser/4.1 +http://feedparser.org/"
210.240.39.201 - - [17/May/2013:19:32:05 +0000] "GET /feed HTTP/1.1" 404 1214 "-" "Planet Linux of Taiwan +http://planet.linux.org.tw/ Planet/2.0 +http://www.planetplanet.org UniversalFeedParser/4.1 +http://feedparser.org/"
123.125.71.56 - - [17/May/2013:19:42:15 +0000] "GET / HTTP/1.1" 200 12476 "-" "Mozilla/5.0 (compatible; Baiduspider/2.0; +http://www.baidu.com/search/spider.html)"
220.181.108.119 - - [17/May/2013:19:43:10 +0000] "GET / HTTP/1.1" 200 12476 "-" "Mozilla/5.0 (compatible; Baiduspider/2.0; +http://www.baidu.com/search/spider.html)"
210.240.39.201 - - [17/May/2013:19:46:28 +0000] "GET /feed HTTP/1.1" 404 1214 "-" "Planet Linux of Taiwan +http://planet.linux.org.tw/ Planet/2.0 +http://www.planetplanet.org UniversalFeedParser/4.1 +http://feedparser.org/"
210.240.39.201 - - [17/May/2013:20:01:35 +0000] "GET /feed HTTP/1.1" 404 1214 "-" "Planet Linux of Taiwan +http://planet.linux.org.tw/ Planet/2.0 +http://www.planetplanet.org UniversalFeedParser/4.1 +http://feedparser.org/"
89.190.198.228 - - [17/May/2013:20:16:14 +0000] "GET /feed HTTP/1.1" 404 1214 "http://mosky.tw/feed" "InoReader (https://inoreader.com)"
210.240.39.201 - - [17/May/2013:20:16:40 +0000] "GET /feed HTTP/1.1" 404 1214 "-" "Planet Linux of Taiwan +http://planet.linux.org.tw/ Planet/2.0 +http://www.planetplanet.org UniversalFeedParser/4.1 +http://feedparser.org/"
186.16.8.81 - - [17/May/2013:20:24:35 +0000] "GET / HTTP/1.1" 200 2514 "http://www.google.com.py/url?sa=t&rct=j&q=mosky&source=web&cd=8&ved=0CEgQFjAH&url=http%3A%2F%2Fmosky.tw%2F&ei=X5GWUazbOoXU9gSogoE4&usg=AFQjCNG6N3gLVIH6hKoT9LndUdwsuo0iOg" "Mozilla/5.0 (Windows NT 5.1; rv:20.0) Gecko/20100101 Firefox/20.0"
186.16.8.81 - - [17/May/2013:20:24:35 +0000] "GET /css/base.css HTTP/1.1" 200 1265 "http://mosky.tw/" "Mozilla/5.0 (Windows NT 5.1; rv:20.0) Gecko/20100101 Firefox/20.0"
186.16.8.81 - - [17/May/2013:20:24:36 +0000] "GET /css/about.css HTTP/1.1" 200 205 "http://mosky.tw/" "Mozilla/5.0 (Windows NT 5.1; rv:20.0) Gecko/20100101 Firefox/20.0"
186.16.8.81 - - [17/May/2013:20:24:36 +0000] "GET /img/mosky-gmail.png HTTP/1.1" 200 1783 "http://mosky.tw/" "Mozilla/5.0 (Windows NT 5.1; rv:20.0) Gecko/20100101 Firefox/20.0"
186.16.8.81 - - [17/May/2013:20:24:37 +0000] "GET /img/subtle_grunge.png HTTP/1.1" 200 84037 "http://mosky.tw/css/base.css" "Mozilla/5.0 (Windows NT 5.1; rv:20.0) Gecko/20100101 Firefox/20.0"
186.16.8.81 - - [17/May/2013:20:24:40 +0000] "GET /img/lightpaperfibers.png HTTP/1.1" 200 134783 "http://mosky.tw/css/base.css" "Mozilla/5.0 (Windows NT 5.1; rv:20.0) Gecko/20100101 Firefox/20.0"
186.16.8.81 - - [17/May/2013:20:24:41 +0000] "GET /favicon.ico HTTP/1.1" 200 123790 "-" "Mozilla/5.0 (Windows NT 5.1; rv:20.0) Gecko/20100101 Firefox/20.0"
210.240.39.201 - - [17/May/2013:20:31:33 +0000] "GET /feed HTTP/1.1" 404 1214 "-" "Planet Linux of Taiwan +http://planet.linux.org.tw/ Planet/2.0 +http://www.planetplanet.org UniversalFeedParser/4.1 +http://feedparser.org/"
123.125.71.33 - - [17/May/2013:20:40:40 +0000] "GET / HTTP/1.1" 200 5844 "-" "Mozilla/5.0 (compatible; Baiduspider/2.0; +http://www.baidu.com/search/spider.html)"
220.181.108.123 - - [17/May/2013:20:41:31 +0000] "GET / HTTP/1.1" 200 5844 "-" "Mozilla/5.0 (compatible; Baiduspider/2.0; +http://www.baidu.com/search/spider.html)"
210.240.39.201 - - [17/May/2013:20:46:28 +0000] "GET /feed HTTP/1.1" 404 1214 "-" "Planet Linux of Taiwan +http://planet.linux.org.tw/ Planet/2.0 +http://www.planetplanet.org UniversalFeedParser/4.1 +http://feedparser.org/"
220.181.89.158 - - [17/May/2013:20:49:28 +0000] "GET /robots.txt HTTP/1.1" 404 2398 "-" "Sogou web spider/4.0"
220.181.89.158 - - [17/May/2013:20:49:38 +0000] "GET /314/trackback HTTP/1.1" 404 1214 "-" "Sogou web spider/4.0(+http://www.sogou.com/docs/help/webmasters.htm#07)"
157.56.93.187 - - [17/May/2013:20:58:20 +0000] "GET /robots.txt HTTP/1.1" 404 168 "-" "Mozilla/5.0 (compatible; bingbot/2.0; +http://www.bing.com/bingbot.htm)"
157.56.93.187 - - [17/May/2013:20:59:23 +0000] "GET / HTTP/1.1" 200 3862 "-" "Mozilla/5.0 (compatible; bingbot/2.0; +http://www.bing.com/bingbot.htm)"
210.240.39.201 - - [17/May/2013:21:01:39 +0000] "GET /feed HTTP/1.1" 404 1214 "-" "Planet Linux of Taiwan +http://planet.linux.org.tw/ Planet/2.0 +http://www.planetplanet.org UniversalFeedParser/4.1 +http://feedparser.org/"
202.46.57.61 - - [17/May/2013:21:13:57 +0000] "GET / HTTP/1.1" 200 5844 "-" "Mozilla/4.0 (compatible; MSIE 7.0; Windows NT 6.0)"
119.63.193.131 - - [17/May/2013:21:15:16 +0000] "GET / HTTP/1.1" 200 5844 "-" "Mozilla/4.0 (compatible; MSIE 7.0; Windows NT 6.0)"
157.56.93.212 - - [17/May/2013:21:15:46 +0000] "GET /robots.txt HTTP/1.1" 404 168 "-" "Mozilla/5.0 (compatible; bingbot/2.0; +http://www.bing.com/bingbot.htm)"
210.240.39.201 - - [17/May/2013:21:16:27 +0000] "GET /feed HTTP/1.1" 404 1214 "-" "Planet Linux of Taiwan +http://planet.linux.org.tw/ Planet/2.0 +http://www.planetplanet.org UniversalFeedParser/4.1 +http://feedparser.org/"
157.56.93.212 - - [17/May/2013:21:19:23 +0000] "GET / HTTP/1.1" 200 3977 "-" "Mozilla/5.0 (compatible; bingbot/2.0; +http://www.bing.com/bingbot.htm)"
210.240.39.201 - - [17/May/2013:21:31:30 +0000] "GET /feed HTTP/1.1" 404 1214 "-" "Planet Linux of Taiwan +http://planet.linux.org.tw/ Planet/2.0 +http://www.planetplanet.org UniversalFeedParser/4.1 +http://feedparser.org/"
123.125.71.57 - - [17/May/2013:21:40:35 +0000] "GET / HTTP/1.1" 200 13119 "-" "Mozilla/5.0 (compatible; Baiduspider/2.0; +http://www.baidu.com/search/spider.html)"
220.181.108.106 - - [17/May/2013:21:41:29 +0000] "GET / HTTP/1.1" 200 13119 "-" "Mozilla/5.0 (compatible; Baiduspider/2.0; +http://www.baidu.com/search/spider.html)"
210.240.39.201 - - [17/May/2013:21:46:34 +0000] "GET /feed HTTP/1.1" 404 1214 "-" "Planet Linux of Taiwan +http://planet.linux.org.tw/ Planet/2.0 +http://www.planetplanet.org UniversalFeedParser/4.1 +http://feedparser.org/"
220.181.89.158 - - [17/May/2013:21:57:36 +0000] "GET /336 HTTP/1.1" 404 1214 "-" "Sogou web spider/4.0(+http://www.sogou.com/docs/help/webmasters.htm#07)"
210.240.39.201 - - [17/May/2013:22:03:04 +0000] "GET /feed HTTP/1.1" 404 1214 "-" "Planet Linux of Taiwan +http://planet.linux.org.tw/ Planet/2.0 +http://www.planetplanet.org UniversalFeedParser/4.1 +http://feedparser.org/"
123.151.148.182 - - [17/May/2013:22:16:28 +0000] "GET / HTTP/1.1" 200 2514 "http://mosky.tw/" "Mozilla/5.0 (compatible; Sosospider/2.0; +http://help.soso.com/webspider.htm)"
210.240.39.201 - - [17/May/2013:22:16:30 +0000] "GET /feed HTTP/1.1" 404 1214 "-" "Planet Linux of Taiwan +http://planet.linux.org.tw/ Planet/2.0 +http://www.planetplanet.org UniversalFeedParser/4.1 +http://feedparser.org/"
182.118.22.219 - - [17/May/2013:22:21:50 +0000] "GET /robots.txt HTTP/1.1" 404 1214 "http://mosky.tw/robots.txt" "Mozilla/5.0 (Windows; U; Windows NT 5.1; zh-CN; rv:1.8.0.11)  Firefox/1.5.0.11; 360Spider"
210.240.39.201 - - [17/May/2013:22:32:15 +0000] "GET /feed HTTP/1.1" 404 1214 "-" "Planet Linux of Taiwan +http://planet.linux.org.tw/ Planet/2.0 +http://www.planetplanet.org UniversalFeedParser/4.1 +http://feedparser.org/"
220.181.89.158 - - [17/May/2013:22:37:49 +0000] "GET /314/trackback HTTP/1.1" 404 1214 "-" "Sogou web spider/4.0(+http://www.sogou.com/docs/help/webmasters.htm#07)"
123.125.71.54 - - [17/May/2013:22:40:37 +0000] "GET / HTTP/1.1" 200 13119 "-" "Mozilla/5.0 (compatible; Baiduspider/2.0; +http://www.baidu.com/search/spider.html)"
220.181.108.107 - - [17/May/2013:22:41:33 +0000] "GET / HTTP/1.1" 200 13119 "-" "Mozilla/5.0 (compatible; Baiduspider/2.0; +http://www.baidu.com/search/spider.html)"
121.199.4.229 - - [17/May/2013:22:41:35 +0000] "GET /manager/html HTTP/1.1" 404 2398 "-" "Mozilla/3.0 (compatible; Indy Library)"
180.76.5.196 - - [17/May/2013:22:48:00 +0000] "GET /robots.txt HTTP/1.1" 404 1214 "-" "Mozilla/5.0 (Windows NT 5.1; rv:6.0.2) Gecko/20100101 Firefox/6.0.2"
210.240.39.201 - - [17/May/2013:22:48:41 +0000] "GET /feed HTTP/1.1" 404 1214 "-" "Planet Linux of Taiwan +http://planet.linux.org.tw/ Planet/2.0 +http://www.planetplanet.org UniversalFeedParser/4.1 +http://feedparser.org/"
184.73.239.99 - - [17/May/2013:23:00:39 +0000] "GET /feed HTTP/1.1" 404 1214 "-" "Mozilla/5.0 (compatible; woriobot support [at] zite [dot] com +http://zite.com)"
210.240.39.201 - - [17/May/2013:23:01:49 +0000] "GET /feed HTTP/1.1" 404 1214 "-" "Planet Linux of Taiwan +http://planet.linux.org.tw/ Planet/2.0 +http://www.planetplanet.org UniversalFeedParser/4.1 +http://feedparser.org/"
202.46.62.33 - - [17/May/2013:23:13:35 +0000] "GET / HTTP/1.1" 200 5844 "-" "Mozilla/4.0 (compatible; MSIE 7.0; Windows NT 6.0)"
119.63.193.130 - - [17/May/2013:23:14:52 +0000] "GET / HTTP/1.1" 200 5844 "-" "Mozilla/4.0 (compatible; MSIE 7.0; Windows NT 6.0)"
180.76.5.67 - - [17/May/2013:23:15:15 +0000] "GET /archives/178 HTTP/1.1" 404 1214 "-" "Mozilla/5.0 (compatible; Baiduspider/2.0; +http://www.baidu.com/search/spider.html)"
210.240.39.201 - - [17/May/2013:23:16:37 +0000] "GET /feed HTTP/1.1" 404 1214 "-" "Planet Linux of Taiwan +http://planet.linux.org.tw/ Planet/2.0 +http://www.planetplanet.org UniversalFeedParser/4.1 +http://feedparser.org/"
89.190.198.228 - - [17/May/2013:23:17:17 +0000] "GET /feed HTTP/1.1" 404 1214 "http://mosky.tw/feed" "InoReader (https://inoreader.com)"
37.59.47.177 - - [17/May/2013:23:17:27 +0000] "GET /feed HTTP/1.1" 404 1214 "-" "Apache-HttpClient/4.2.5 (java 1.5)"
210.240.39.201 - - [17/May/2013:23:31:40 +0000] "GET /feed HTTP/1.1" 404 1214 "-" "Planet Linux of Taiwan +http://planet.linux.org.tw/ Planet/2.0 +http://www.planetplanet.org UniversalFeedParser/4.1 +http://feedparser.org/"
123.125.71.25 - - [17/May/2013:23:40:33 +0000] "GET / HTTP/1.1" 200 5844 "-" "Mozilla/5.0 (compatible; Baiduspider/2.0; +http://www.baidu.com/search/spider.html)"
101.12.75.125 - - [17/May/2013:23:41:01 +0000] "GET / HTTP/1.1" 200 2514 "-" "Opera/9.80 (Android 4.2.2; Linux; Opera Mobi/ADR-1301080958) Presto/2.11.355 Version/12.10"
101.12.75.125 - - [17/May/2013:23:41:01 +0000] "GET /css/base.css HTTP/1.1" 304 0 "http://mosky.tw/" "Opera/9.80 (Android 4.2.2; Linux; Opera Mobi/ADR-1301080958) Presto/2.11.355 Version/12.10"
101.12.75.125 - - [17/May/2013:23:41:02 +0000] "GET /css/about.css HTTP/1.1" 304 0 "http://mosky.tw/" "Opera/9.80 (Android 4.2.2; Linux; Opera Mobi/ADR-1301080958) Presto/2.11.355 Version/12.10"
